{"name":"bless","flags":[{"forms":["--folder"],"desc":"Set this directory to be the Mac OS X/Darwin blessed directory, containing a ..."},{"forms":["--file"],"desc":"Set this file to be the Mac OS X/Darwin blessed boot file, containing a boote..."},{"forms":["--bootefi"],"desc":"Create a .Pa boot.efi file in the Mac OS X/Darwin system folder using .Ar fil..."},{"forms":["--label"],"desc":"Render a text label used in the firmware-based OS picker"},{"forms":["--labelfile"],"desc":"Use a pre-rendered label used for the firmware-based OS picker"},{"forms":["--setBoot"],"desc":"Set the system to boot off the specified partition. This is implemented in a ..."},{"forms":["--nextonly"],"desc":"Only change the boot device selection for the next boot. This is only support..."},{"forms":["--shortform"],"desc":"Use an abbreviated device path form. This option can allow for booting from n..."},{"forms":["--legacy"],"desc":"If --setBoot is given, set the firmware to boot a legacy BIOS-based operating..."},{"forms":["--legacydrivehint"],"desc":"Instruct the firmware to treat the specified whole disk as the primary, maste..."},{"forms":["--options"],"desc":"Set load options associated with the new boot option. This is only supported ..."},{"forms":["--personalize"],"desc":"Attempts to do a personalization operation on the target, which validates the..."},{"forms":["--create-snapshot"],"desc":"Attempts to create an APFS root snapshot of the target APFS system volume and..."},{"forms":["--snapshot"],"desc":"Set specific snapshot (uuid) as root snapshot of the system volume. The targe..."},{"forms":["--snapshotname"],"desc":"Set specific snapshot (name) as root snapshot of the system volume. The targe..."},{"forms":["--last-sealed-snapshot"],"desc":"Reverts back to using the previously signed APFS root snapshot reenabling Aut..."},{"forms":["--quiet"],"desc":"Do not print any output"},{"forms":["--verbose"],"desc":"Print verbose output"},{"forms":["--mount"],"desc":"Use the volume mounted at .Ar directory to change the active boot device, in ..."},{"forms":["--file"],"desc":"Instead of allowing the firmware to discover the booter based on the blessed ..."},{"forms":["--setBoot"],"desc":"Same as for Folder Mode"},{"forms":["--nextonly"],"desc":"Same as for Folder Mode"},{"forms":["--shortform"],"desc":"Same as for Folder Mode"},{"forms":["--legacy"],"desc":"Same as for Folder Mode"},{"forms":["--legacydrivehint"],"desc":"Same as for Folder Mode"},{"forms":["--options"],"desc":"Same as for Folder Mode"},{"forms":["--personalize"],"desc":"Same as for Folder Mode"},{"forms":["--create-snapshot"],"desc":"Same as for Folder Mode"},{"forms":["--snapshot"],"desc":"Same as for Folder Mode"},{"forms":["--snapshotname"],"desc":"Same as for Folder Mode"},{"forms":["--last-sealed-snapshot"],"desc":"Same as for Folder Mode"},{"forms":["--bootefi"],"desc":"This enables copying required boot objects when --create-snapshot or --last-s..."},{"forms":["--quiet"],"desc":"Do not print any output"},{"forms":["--verbose"],"desc":"Print verbose output"},{"forms":["--device"],"desc":"Use the block device .Ar device to change the active boot device. No volumes ..."},{"forms":["--label"],"desc":"Set the firmware-based OS picker label for the unmounted filesystem, using .A..."},{"forms":["--labelfile"],"desc":"Use a pre-rendered label used with the firmware-based OS picker"},{"forms":["--setBoot"],"desc":"Set the system to boot off the specified partition, as with Folder and Mount ..."},{"forms":["--startupfile"],"desc":"Add the .Ar file as the HFS+ StartupFile, and update other information on dis..."},{"forms":["--nextonly"],"desc":"Same as for Folder Mode"},{"forms":["--shortform"],"desc":"Same as for Folder Mode"},{"forms":["--options"],"desc":"Same as for Folder Mode"},{"forms":["--legacy"],"desc":"Same as for Folder Mode"},{"forms":["--legacydrivehint"],"desc":"Same as for Folder Mode"},{"forms":["--quiet"],"desc":"Do not print any output"},{"forms":["--verbose"],"desc":"Print verbose output"},{"forms":["--netboot"],"desc":"Instead of setting the active boot selection to a disk-based volume, set the ..."},{"forms":["--server"],"desc":"A URL specification of how to boot the system. Currently, the only .Em protoc..."},{"forms":["--nextonly"],"desc":"Same as for Folder Mode"},{"forms":["--options"],"desc":"Same as for Folder Mode"},{"forms":["--quiet"],"desc":"Do not print any output"},{"forms":["--verbose"],"desc":"Print verbose output"},{"forms":["--info"],"desc":"Print out the blessed system folder for the volume mounted at .Ar directory \\..."},{"forms":["--getBoot"],"desc":"Print out the logical boot device, based on what is currently selected. This ..."},{"forms":["--plist"],"desc":"Output all information in Property List (.plist) format, suitable for parsing..."},{"forms":["--quiet"],"desc":"Do not print any output"},{"forms":["--verbose"],"desc":"Print verbose output"},{"forms":["--version"],"desc":"Print bless version and exit immediately"},{"forms":["--unbless"],"desc":"Use the HFS+ volume mounted at .Ar directory and unset any persistent blessed..."},{"forms":["--folder"],"desc":"Set this directory to be the Mac OS X/Darwin blessed directory, containing a ..."},{"forms":["--file"],"desc":"Set this file to be the Mac OS X/Darwin blessed boot file, containing a boote..."},{"forms":["--personalize"],"desc":"Attempts to do a personalization operation on the target, which validates the..."},{"forms":["--quiet"],"desc":"Do not print any output"},{"forms":["--verbose"],"desc":"Print verbose output"},{"forms":["--mount"],"desc":"Use the volume mounted at .Ar directory to change the active boot device, in ..."},{"forms":["--setBoot"],"desc":"The volume must already be properly blessed"},{"forms":["--nextonly"],"desc":"Only change the boot device selection for the next boot"},{"forms":["--create-snapshot"],"desc":"Attempts to create an APFS root snapshot of the target APFS system volume and..."},{"forms":["--snapshot"],"desc":"Set specific snapshot (uuid) as root snapshot of the system volume. The targe..."},{"forms":["--snapshotname"],"desc":"Set specific snapshot (name) as root snapshot of the system volume. The targe..."},{"forms":["--last-sealed-snapshot"],"desc":"Reverts back to using the previously signed APFS root snapshot reenabling Aut..."},{"forms":["--user"],"desc":"Collect a local owner username to authorize boot policy modification"},{"forms":["--stdinpass"],"desc":"Collect a local owner password from stdin without prompting"},{"forms":["--passpromt"],"desc":"Explicitly ask to be prompted for the password"},{"forms":["--quiet"],"desc":"Do not print any output"},{"forms":["--verbose"],"desc":"Print verbose output"},{"forms":["--device"],"desc":"Use the block device .Ar device to change the active boot device. No volumes ..."},{"forms":["--setBoot"],"desc":"Set the system to boot off the specified volume, as with Mount and Device mod..."},{"forms":["--nextonly"],"desc":"Same as for Mount Mode"},{"forms":["--user"],"desc":"Collect a local owner username to authorize boot policy modification"},{"forms":["--stdinpass"],"desc":"Collect a local owner password from stdin without prompting"},{"forms":["--passpromt"],"desc":"Explicitly ask to be prompted for the password"},{"forms":["--quiet"],"desc":"Do not print any output"},{"forms":["--verbose"],"desc":"Print verbose output"},{"forms":["--info"],"desc":"bless (Available only for external/removable devices) Print out the blessed s..."},{"forms":["--getBoot"],"desc":"Print out the logical boot device, based on what is currently selected. This ..."},{"forms":["--plist"],"desc":"Output all information in Property List (.plist) format, suitable for parsing..."},{"forms":["--user"],"desc":"Collect a local owner username to authorize boot policy modification"},{"forms":["--stdinpass"],"desc":"Collect a local owner password from stdin without prompting"},{"forms":["--passpromt"],"desc":"Explicitly ask to be prompted for the password"},{"forms":["--quiet"],"desc":"Do not print any output"},{"forms":["--verbose"],"desc":"Print verbose output"},{"forms":["--version"],"desc":"Print bless version and exit immediately"}]}