{"name":"rfcomm","flags":[{"forms":["-h"],"desc":"Gives a list of possible commands"},{"forms":["-a"],"desc":"Prints information about all configured RFCOMM devices"},{"forms":["-r"],"desc":"Switch TTY into raw mode (doesn't work with \"bind\")"},{"forms":["-i"],"desc":"The command is applied to device hciX, which must be the name or the address ..."},{"forms":["-A"],"desc":"Enable authentication"},{"forms":["-E"],"desc":"Enable encryption"},{"forms":["-S"],"desc":"Secure connection"},{"forms":["-C"],"desc":"Become the central of a piconet"},{"forms":["-L"],"desc":"Set linger timeout"}],"subcommands":[]}