{"name":"sway","flags":[{"forms":["-h","--help"],"desc":"Show help message and quit"},{"forms":["-c","--config"],"desc":"Specifies a config file"},{"forms":["-C","--validate"],"desc":"Check the validity of the config file, then exit"},{"forms":["-d","--debug"],"desc":"Enables full logging, including debug information"},{"forms":["-v","--version"],"desc":"Show the version number and quit"},{"forms":["-V","--verbose"],"desc":"Enables more verbose logging"},{"forms":["--get-socketpath"],"desc":"Gets the IPC socket path and prints it, then exits"}],"subcommands":[]}